reg__6: 
logic__115: 
reg__12: 
logic__17: 
axi_protocol_converter_v2_1_19_b2s_rd_cmd_fsm: 
case__28: 
axi_register_slice_v2_1_19_axic_register_slice__parameterized3: 
logic__140: 
addsub: 
reg__45: 
datapath__3: 
case__1: 
case__20: 
case__62: 
case__2: 
logic__219: 
dsrl__2: 
logic__105: 
axi_infrastructure_v1_1_0_vector2axi__parameterized0: 
case__26: 
axi_protocol_converter_v2_1_19_b2s_simple_fifo__parameterized1: 
logic__176: 
case__5: 
reg__18: 
logic__26: 
logic__154: 
case__15: 
logic__83: 
case__30: 
datapath__12: 
reg__46: 
logic__31: 
case__17: 
signinv__1: 
reg__43: 
logic__53: 
logic__175: 
case__9: 
logic__142: 
reg__48: 
logic__100: 
case__14: 
logic__118: 
addsub__1: 
case__27: 
logic__79: 
logic__205: 
logic__143: 
logic__184: 
logic__71: 
case__23: 
datapath__8: 
logic__98: 
logic__187: 
logic__7: 
axi_register_slice_v2_1_19_axi_register_slice__parameterized0: 
axi_protocol_converter_v2_1_19_b2s_simple_fifo__parameterized2: 
logic__212: 
addsub__2: 
datapath__9: 
reg__7: 
reg__37: 
case__4: 
axi_infrastructure_v1_1_0_axi2vector__parameterized0: 
logic__141: 
reg__4: 
logic__174: 
axi_protocol_converter_v2_1_19_b2s_simple_fifo: 
datapath__13: 
logic__166: 
signinv: 
case: 
case__19: 
datapath__16: 
case__16: 
case__61: 
reg__14: 
logic__111: 
logic__92: 
logic__215: 
reg__36: 
logic__10: 
logic__159: 
logic__193: 
logic__38: 
logic__146: 
logic__16: 
datapath__15: 
case__59: 
case__22: 
logic__220: 
logic__179: 
reg__30: 
axi_protocol_converter_v2_1_19_axi_protocol_converter: 
reg__38: 
datapath__11: 
logic__139: 
reg__32: 
case__55: 
case__13: 
reg__2: 
reg__42: 
case__34: 
reg__47: 
reg__44: 
logic__134: 
case__7: 
reg__22: 
reg__23: 
logic__44: 
reg__13: 
logic__162: 
case__35: 
case__24: 
case__12: 
logic__96: 
logic__76: 
dsrl__3: 
reg__34: 
config_mpsoc_auto_pc_1: 
logic__156: 
logic__221: 
logic__85: 
case__58: 
reg__8: 
counter: 
axi_infrastructure_v1_1_0_vector2axi: 
case__21: 
reg__10: 
reg__40: 
dsrl__1: 
axi_register_slice_v2_1_19_axic_register_slice__parameterized0: 
case__52: 
logic__52: 
case__56: 
axi_protocol_converter_v2_1_19_b2s: 
logic__191: 
case__38: 
axi_protocol_converter_v2_1_19_b2s_incr_cmd: 
signinv__3: 
case__39: 
axi_register_slice_v2_1_19_axic_register_slice__parameterized2: 
axi_protocol_converter_v2_1_19_b2s_ar_channel: 
axi_register_slice_v2_1_19_axic_register_slice: 
reg__31: 
logic__167: 
logic__84: 
logic__72: 
reg__1: 
logic__198: 
signinv__2: 
reg__21: 
counter__1: 
logic__99: 
dsrl: 
datapath__7: 
axi_register_slice_v2_1_19_axic_register_slice__parameterized5: 
logic__18: 
case__33: 
datapath: 
case__6: 
logic__113: 
axi_protocol_converter_v2_1_19_b2s_simple_fifo__parameterized0: 
case__60: 
logic__101: 
logic__106: 
logic__201: 
datapath__5: 
case__32: 
axi_infrastructure_v1_1_0_axi2vector: 
logic__149: 
axi_register_slice_v2_1_19_axic_register_slice__parameterized4: 
logic__168: 
reg__24: 
axi_protocol_converter_v2_1_19_b2s_b_channel: 
logic__107: 
case__51: 
datapath__14: 
case__8: 
axi_protocol_converter_v2_1_19_b2s_aw_channel: 
logic: 
logic__49: 
logic__206: 
case__50: 
reg__33: 
datapath__17: 
case__10: 
logic__207: 
reg: 
logic__13: 
logic__192: 
datapath__4: 
logic__86: 
case__3: 
reg__9: 
logic__73: 
reg__29: 
datapath__1: 
addsub__3: 
signinv__4: 
logic__170: 
logic__46: 
case__57: 
reg__20: 
logic__45: 
case__54: 
reg__15: 
axi_register_slice_v2_1_19_axi_register_slice: 
logic__23: 
logic__57: 
case__53: 
reg__17: 
reg__16: 
reg__19: 
logic__35: 
axi_protocol_converter_v2_1_19_b2s_wr_cmd_fsm: 
logic__61: 
logic__173: 
reg__27: 
logic__110: 
logic__89: 
axi_protocol_converter_v2_1_19_b2s_r_channel: 
reg__11: 
datapath__6: 
reg__35: 
logic__153: 
logic__56: 
counter__2: 
logic__114: 
axi_protocol_converter_v2_1_19_b2s_cmd_translator: 
logic__112: 
axi_register_slice_v2_1_19_axic_register_slice__parameterized6: 
logic__66: 
reg__5: 
reg__3: 
datapath__10: 
axi_protocol_converter_v2_1_19_b2s_wrap_cmd: 
datapath__2: 
case__31: 
reg__41: 
logic__177: 
logic__169: 
logic__155: 
case__18: 
logic__1: 
axi_register_slice_v2_1_19_axic_register_slice__parameterized1: 
reg__28: 
reg__39: 
logic__178: 
case__11: 
logic__97: 
